
     Program POST-PROC v.7.5 starts on 25Jul2026 at 21:20:17 

     This program is part of the open-source Quantum ESPRESSO suite
     for quantum simulation of materials; please cite
         "P. Giannozzi et al., J. Phys.:Condens. Matter 21 395502 (2009);
         "P. Giannozzi et al., J. Phys.:Condens. Matter 29 465901 (2017);
         "P. Giannozzi et al., J. Chem. Phys. 152 154105 (2020);
          URL http://www.quantum-espresso.org", 
     in publications or presentations arising from this work. More details at
     http://www.quantum-espresso.org/quote

     Parallel version (MPI & OpenMP), running on       1 processor cores
     Number of MPI processes:                 1
     Threads/MPI process:                     1

     MPI processes distributed on     1 nodes
     213342 MiB available memory on the printing compute node when the environment starts


     Reading xml data from directory:

     ./c2_qe.save/
     file C.pbe-n-kjpaw_psl.1.0.0.UPF: wavefunction(s)  2S 2P renormalized

     IMPORTANT: XC functional enforced from input :
     Exchange-correlation= PBE
                           (   1   4   3   4   0   0   0)
     Any further DFT definition will be discarded
     Please, verify this is what you really want


     G-vector sticks info
     --------------------
     sticks:   dense  smooth     PW     G-vecs:    dense   smooth      PW
     Sum        1185    1185    333               221347   221347   32857

     Using Slab Decomposition


     Check: negative core charge=   -0.000006

     negative rho (up, down):  5.900E-04 0.000E+00

     Calling punch_plot, plot_num =  11
     Writing data to file  potential
     Reading data from file  potential

     Writing data to be plotted to file potential.cube
     Plot Type: 3D                     Output format: Gaussian cube

     POST-PROC    :      2.77s CPU      3.15s WALL


   This run was terminated on:  21:20:20  25Jul2026            

=------------------------------------------------------------------------------=
   JOB DONE.
=------------------------------------------------------------------------------=
