Executable      : /cvmfs/soft.computecanada.ca/easybuild/software/2023/x86-64-v3/MPI/intel2023/openmpi4/siesta/5.4.0/bin/siesta
Version         : unreleased ae363e571 (2025-05-28)
Architecture    : x86_64
Compiler version: Intel-2021.10.0.20230609
Compiler flags  : -O2 -ip -O2 -fp-model precise -march=core-avx2 -axCore-AVX512  -fp-model=strict -prec-div -prec-sqrt
Parallelisations: MPI
NetCDF support
NetCDF-4 support
NetCDF-4 MPI-IO support
Lua support
ELSI support. Solvers:
   ELPA (external) 
     ELPA API version (from .h file):20231705
     ELPA API version (from CMake var):20231705
   NTPoly
   OMM
   PEXSI
DFT-D3 support

Runtime information:
* Directory : /lustre07/scratch/tanay11/siesta/siesta-tutorial-narval/results/raw/12_graphene_kpoints/k_06
* Running on 8 nodes in parallel.
>> Start of run:  25-JUL-2026  10:34:57

                           *********************** 
                           *  WELCOME TO SIESTA  * 
                           *********************** 

 NOTE: Siesta V5 introduces some new defaults for basis-set generation
 NOTE: which might lead to slightly different numerical results.
 NOTE: Please see the manual for full details and compatibility measures.


reinit: Reading from standard input
reinit: Dumping input in INPUT_TMP.12333
************************** Dump of input data file ****************************
SystemName	c2
SystemLabel	c2
DM.MixingWeight	0.1
MaxSCFIterations	100
SCFMustConverge	True
Spin	non-polarized
XC.functional	GGA
XC.authors	PBE
MeshCutoff	2721.1386024367243	eV
PAO.EnergyShift	0.13605693012183623	eV
NumberOfSpecies	1
NumberOfAtoms	2
%block ChemicalSpecieslabel
    1 6 C.1 C.1.psml
%endblock ChemicalSpecieslabel
%block PAO.BasisSizes
    C.1	DZP
%endblock PAO.BasisSizes
LatticeConstant	1.0 Ang
%block LatticeVectors
    2.46 0.0 0.0
    -1.23 2.130422493309719 0.0
    0.0 -0.0 20.0
%endblock LatticeVectors
AtomicCoordinatesFormat	Ang
%block AtomicCoordinatesAndAtomicSpecies
    0.0 0.0 10.0 1
    1.23 0.7101408311032397 10.0 1
%endblock AtomicCoordinatesAndAtomicSpecies
%block DM.InitSpin
%endblock DM.InitSpin
#KPoint grid
%block kgrid_Monkhorst_Pack
     6       0       0  0.0
     0       6       0  0.0
     0       0       1  0.0
%endblock kgrid_Monkhorst_Pack
************************** End of input data file *****************************
*** WARNING:  FDF module: fdf_read: block DM.InitSpin is empty...

reinit: -----------------------------------------------------------------------
reinit: System Name: c2
reinit: -----------------------------------------------------------------------
reinit: System Label: c2
reinit: -----------------------------------------------------------------------

initatom: Reading input for the pseudopotentials and atomic orbitals ----------
Species number:   1 Atomic number:    6 Label: C.1
 
Ground state valence configuration (from tables):   2s02  2p02  3d00  4f00

---- Processing specs for species: C.1
Reading pseudopotential information in PSML from:
  C.1.psml
PSML file version: 1.1
Using libxc ids:  101 130
GGA--PBE XC_GGA_X_PBE--XC_GGA_C_PBE pb
PSML uuid: 297821e0-be41-11e7-6802-e1ff7dfff095
resizes: Read basis size for species C.1 = dzp                 

---- Pseudopotential check for C 

Pseudized shells:
2s( 2.00) rc: 1.20
2p( 2.00) rc: 1.26
Valence configuration for ps generation: 2s:2p: Total charge:   4.000000
For C.1, standard SIESTA heuristics set lmxkb to 3
 (one more than the basis l, including polarization orbitals).
Use PS.lmax or PS.KBprojectors blocks to override.
C.1.psml pseudopotential only contains V_ls up to l=1 -- lmxkb reset.

<basis_specs>
===============================================================================
C.1                  Z=   6    Mass=  12.011        Charge= 0.17977+309
Lmxo=2 Lmxkb= 1    BasisType=split      Semic=F
L=0  Nsemic=0  Cnfigmx=2
          i=1  nzeta=2  polorb=0  (2s)
            splnorm:   0.15000    
               vcte:    40.000    
               rinn:  -0.90000    
               qcoe:    0.0000    
               qyuk:    0.0000    
               qwid:   0.10000E-01
                rcs:    0.0000      0.0000    
            lambdas:    1.0000      1.0000    
L=1  Nsemic=0  Cnfigmx=2
          i=1  nzeta=2  polorb=1  (2p)  (to be polarized perturbatively)
            splnorm:   0.15000    
               vcte:    40.000    
               rinn:  -0.90000    
               qcoe:    0.0000    
               qyuk:    0.0000    
               qwid:   0.10000E-01
                rcs:    0.0000      0.0000    
            lambdas:    1.0000      1.0000    
L=2  Nsemic=0  Cnfigmx=3
          i=1  nzeta=0  polorb=0  (3d)  (perturbative polarization orbital) (from 2p)
-------------------------------------------------------------------------------
L=0  Nkbl=1  erefs: 0.17977+309
L=1  Nkbl=1  erefs: 0.17977+309
===============================================================================
</basis_specs>

Using PAO.SplitTailNorm
atom: Called for C.1                   (Z =   6)
NOTE: C.1 pseudopotential has channels up to l= 1
NOTE: PAOs with higher l will be generated with V_local
Maximum radius (at nrval) set to   50.00000 8518

read_vps: Pseudopotential generation method:
read_vps: ONCVPSP-3.Hamann's oncvpsp                        
Valence charge in pseudo generation:    4.00000

read_vps: Pseudopotential includes a core correction:
read_vps: Pseudo-core for xc-correction

xc_check: Exchange-correlation functional:
xc_check: GGA Perdew, Burke & Ernzerhof 1996
Got Vlocal (oncv-fit) from psml data
Choosing vlocal chloc cutoff:  4.122282
qtot up to nchloc:    4.00001153
atom: Maximum radius for chlocal:    4.12228
atom: Maximum radius for r*vlocal+2*Zval:    4.12228
Reading KB projs from C.1 psml data
Using scalar-relativistic projectors in PSML file

PSML: Kleinman-Bylander projectors: 
   l= 0   rc=  1.219773   Ekb= 12.963096
   l= 0   rc=  1.219773   Ekb=  0.771007
   l= 1   rc=  1.278952   Ekb= -8.399923
   l= 1   rc=  1.278952   Ekb= -1.755033

PSML: Total number of  Kleinman-Bylander projectors:   8
atom: -------------------------------------------------------------------------

atom: SANKEY-TYPE ORBITALS:
atom: Selected multiple-zeta basis: split     

SPLIT: Orbitals with angular momentum L= 0

SPLIT: Basis orbitals for state 2s

SPLIT: PAO cut-off radius determined from an
SPLIT: energy shift=  0.010000 Ry
Split based on tail norm

   izeta = 1
                 lambda =    1.000000
                     rc =    4.484389
                 energy =   -0.999391
                kinetic =    0.960619
    potential(screened) =   -1.960010
       potential(ionic) =   -5.522244

   izeta = 2
                 rmatch =    3.048210
              splitnorm =    0.150000
                 energy =   -0.707280
                kinetic =    1.791893
    potential(screened) =   -2.499174
       potential(ionic) =   -6.353302

SPLIT: Orbitals with angular momentum L= 1

SPLIT: Basis orbitals for state 2p

SPLIT: PAO cut-off radius determined from an
SPLIT: energy shift=  0.010000 Ry
Split based on tail norm

   izeta = 1
                 lambda =    1.000000
                     rc =    5.435719
                 energy =   -0.377272
                kinetic =    2.513579
    potential(screened) =   -2.890851
       potential(ionic) =   -6.323663

   izeta = 2
                 rmatch =    3.691839
              splitnorm =    0.150000
                 energy =   -0.247908
                kinetic =    3.655578
    potential(screened) =   -3.903486
       potential(ionic) =   -7.669496
*Note: V_local used for l= 2

** Using vlocal for PAOs with L= 2

POLgen: Perturbative polarization orbital with L=  2

POLgen: Polarization orbital for state 2p
*Note: V_local used for lpol= 2

** Using vlocal for PAOs with L= 2
Split based on tail norm

   izeta = 1
                     rc =    5.435719
                 energy =    1.177800
                kinetic =    2.314109
    potential(screened) =   -1.136309
       potential(ionic) =   -3.992041
atom: Total number of Sankey-type orbitals: 13

atm_pop: Valence configuration (for local Pseudopot. screening):
 2s( 2.00)                                                            
 2p( 2.00)                                                            
 3d( 0.00)                                                            
Vna: chval, zval:    4.00000   4.00000

Vna:  Cut-off radius for the neutral-atom potential:   5.435719
comcore: Pseudo-core radius Rcore=  1.671741

atom: _________________________________________________________________________

prinput: Basis input 

PAO.BasisType split     

%block ChemicalSpeciesLabel
    1    6 C.1                     # Species index, atomic number, species label
%endblock ChemicalSpeciesLabel

%block PAO.Basis                 # Define Basis set
# WARNING: This information might be incomplete!
C.1                   2                    # Species label, number of l-shells
 n=2   0   2                         # n, l, Nzeta 
   4.484      3.048   
   1.000      1.000   
 n=2   1   2 P   1                   # n, l, Nzeta, Polarization, NzetaPol
   5.436      3.692   
   1.000      1.000   
%endblock PAO.Basis

prinput: ----------------------------------------------------------------------

Dumping basis to NetCDF file C.1.ion.nc
coor:   Atomic-coordinates input format  =     Cartesian coordinates
coor:                                          (in Angstroms)

siesta: Atomic coordinates (Bohr) and species
siesta:      0.00000   0.00000  18.89726  1        1
siesta:      2.32436   1.34197  18.89726  1        2

siesta: System type = slab      

initatomlists: Number of atoms, orbitals, and projectors:      2    26    16

siesta: ******************** Simulation parameters ****************************
siesta:
siesta: The following are some of the parameters of the simulation.
siesta: A complete list of the parameters used, including default values,
siesta: can be found in file out.fdf
siesta:
redata: Spin configuration                          = none
redata: Number of spin components                   = 1
redata: Time-Reversal Symmetry                      = T
redata: Spin spiral                                 = F
redata: Long output                                 =   F
redata: Number of Atomic Species                    =        1
redata: Charge density info will appear in .RHO file
redata: Write Mulliken charges (when)               = none
redata: Write Mulliken Pop.                         = NO
redata: Write Hirshfeld charges (when)              = none
redata: Write Voronoi charges (when)                = none
redata: Write spin charge (when)                    = none
redata: Matel table size (NRTAB)                    =     1024
redata: Mesh Cutoff                                 =   200.0000 Ry
redata: Net charge of the system                    =     0.0000 |e|
redata: Min. number of SCF Iter                     =        0
redata: Max. number of SCF Iter                     =      100
redata: SCF convergence failure will abort job
redata: SCF mix quantity                            = Hamiltonian
redata: Mix DM or H after convergence               =   F
redata: Recompute H after scf cycle                 =   F
redata: Mix DM in first SCF step                    =   T
redata: Write Pulay info on disk                    =   F
redata: New DM Occupancy tolerance                  = 0.000000000001
redata: No kicks to SCF
redata: DM Mixing Weight for Kicks                  =     0.5000
redata: Require Harris convergence for SCF          =   F
redata: Harris energy tolerance for SCF             =     0.000100 eV
redata: Require DM convergence for SCF              =   T
redata: DM tolerance for SCF                        =     0.000100
redata: Require EDM convergence for SCF             =   F
redata: EDM tolerance for SCF                       =     0.001000 eV
redata: Require H convergence for SCF               =   T
redata: Hamiltonian tolerance for SCF               =     0.001000 eV
redata: Require (free) Energy convergence for SCF   =   F
redata: (free) Energy tolerance for SCF             =     0.000100 eV
redata: Using DFT-D3 dispersion                     =   F
redata: Using Saved Data (generic)                  =   F
redata: Use continuation files for DM               =   T
redata: Neglect nonoverlap interactions             =   F
redata: Method of Calculation                       = Diagonalization
redata: Electronic Temperature                      =   300.0000 K
redata: Fix the spin of the system                  =   F
redata: Max. number of TDED Iter                    =        1
redata: Number of TDED substeps                     =        3
redata: Dynamics option                             = Single-point calculation
mix.SCF: Pulay mixing                            = Pulay
mix.SCF:    Variant                              = stable
mix.SCF:    History steps                        = 2
mix.SCF:    Linear mixing weight                 =     0.100000
mix.SCF:    Mixing weight                        =     0.100000
mix.SCF:    SVD condition                        = 0.1000E-07
FFT: Using FFTW.
redata: Save all siesta data in one NC              =   F
redata: ***********************************************************************

%block SCF.Mixers
  Pulay
%endblock SCF.Mixers

%block SCF.Mixer.Pulay
  # Mixing method
  method pulay
  variant stable

  # Mixing options
  weight 0.1000
  weight.linear 0.1000
  history 2
%endblock SCF.Mixer.Pulay
 
DM_history_depth set to one: no extrapolation allowed by default for geometry relaxation
Size of DM history Fstack: 1
Total number of electrons:     8.000000
Total ionic charge:     8.000000

* ProcessorY, Blocksize:    1   3


* Orbital distribution balance (max,min):     5     3

k-point displ. along   1 input, could be:     0.00    0.50
k-point displ. along   2 input, could be:     0.00    0.50
 Kpoints in:           24 . Kpoints trimmed:           22

siesta: k-grid: Number of k-points = 22
siesta: k-points from Monkhorst-Pack grid
siesta: k-cutoff (effective) =     7.380 Ang
siesta: k-point supercell and displacements
siesta: k-grid:     6     0     0      0.000
siesta: k-grid:     0     6     0      0.000
siesta: k-grid:     0     0     1      0.000
 
diag: Algorithm                                     = D&C
diag: Parallel over k                               =   F
diag: Use parallel 2D distribution                  =   T
diag: Parallel block-size                           = 3
diag: Parallel distribution                         =     2 x     4
diag: Used triangular part                          = Lower
diag: Absolute tolerance                            =  0.100E-15
diag: Orthogonalization factor                      =  0.100E-05
diag: Memory factor                                 =  1.0000

superc: Internal auxiliary supercell:     7 x     7 x     1  =      49
superc: Number of atoms, orbitals, and projectors:     98   1274    784
 
 
ts: **************************************************************
ts: Save H and S matrices                           =    F
ts: Save TSHS files in MD/FC simulation             =    F
ts: Save DM and EDM matrices                        =    F
ts: Only save the overlap matrix S                  =    F
ts: **************************************************************
 
************************ Begin: TS CHECKS AND WARNINGS ************************
************************ End: TS CHECKS AND WARNINGS **************************


                     ====================================
                        Single-point calculation
                     ====================================

superc: Internal auxiliary supercell:     7 x     7 x     1  =      49
superc: Number of atoms, orbitals, and projectors:     98   1274    784

outcell: Unit cell vectors (Ang):
        2.460000    0.000000    0.000000
       -1.230000    2.130422    0.000000
        0.000000    0.000000   20.000000

outcell: Cell vector modules (Ang)   :    2.460000    2.460000   20.000000
outcell: Cell angles (23,13,12) (deg):     90.0000     90.0000    120.0000
outcell: Cell volume (Ang**3)        :    104.8168
<dSpData1D:S at geom step 0
  <sparsity:sparsity for geom step 0
    nrows_g=26 nrows=5 sparsity=3.3092 nnzs=2237, refcount: 7>
  <dData1D:(new from dSpData1D) n=2237, refcount: 1>
refcount: 1>
new_DM -- step:     1
Initializing Density Matrix...
 
Attempting to read DM from file... Failed...
DM filled with atomic data:
<dSpData2D:DM initialized from atoms
  <sparsity:sparsity for geom step 0
    nrows_g=26 nrows=5 sparsity=3.3092 nnzs=2237, refcount: 8>
  <dData2D:DM n=2237 m=1, refcount: 1>
refcount: 1>
No. of atoms with KB's overlaping orbs in proc 0. Max # of overlaps:      16     151

InitMesh: MESH = 20 x 20 x 180 = 72000
InitMesh: Mesh cutoff (required, used) =   200.000   223.865 Ry
New grid distribution [1]: sub = 2
New grid distribution [2]: sub = 2
New grid distribution [3]: sub = 2
Setting up quadratic distribution...

stepf: Fermi-Dirac step function

siesta: Program's energy decomposition (eV):
siesta: Ebs     =       -97.367271
siesta: Eions   =       564.323434
siesta: Ena     =       148.395645
siesta: Ekin    =       230.559540
siesta: Enl     =       -12.588194
siesta: Eso     =         0.000000
siesta: Edftu   =         0.000000
siesta: DEna    =       -12.008098
siesta: DUscf   =         0.901331
siesta: DUext   =         0.000000
siesta: Ex      =      -107.759466
siesta: Ec      =       -10.199800
siesta: Exc     =      -117.959266
siesta: EbV     =         0.000000
siesta: eta*DQ  =         0.000000
siesta: Emadel  =         0.000000
siesta: Emeta   =         0.000000
siesta: Emolmec =         0.000000
siesta: Ekinion =         0.000000
siesta: Eharris =      -325.536770
siesta: Etot    =      -327.022476
siesta: FreeEng =      -327.026458

        iscf     Eharris(eV)        E_KS(eV)     FreeEng(eV)     dDmax    Ef(eV) dHmax(eV)
   scf:    1     -325.536770     -327.022476     -327.026458  1.860106 -5.608339  3.450200
timer: Routine,Calls,Time,% = IterSCF        1       0.159  31.35
   scf:    2     -327.084867     -327.053979     -327.057961  0.011387 -5.360380  2.960624
   scf:    3     -327.218525     -327.148614     -327.152596  0.077394 -3.889891  0.076084
   scf:    4     -327.148450     -327.148534     -327.152516  0.001260 -3.919938  0.042992
   scf:    5     -327.148631     -327.148583     -327.152565  0.000460 -3.925470  0.037752
   scf:    6     -327.148928     -327.148771     -327.152753  0.003376 -3.964587  0.007028
   scf:    7     -327.148775     -327.148773     -327.152755  0.000135 -3.965375  0.005473
   scf:    8     -327.148775     -327.148774     -327.152757  0.000452 -3.968044  0.001705
   scf:    9     -327.148775     -327.148774     -327.152757  0.000002 -3.968050  0.001687
   scf:   10     -327.148775     -327.148775     -327.152757  0.000061 -3.968060  0.001229
   scf:   11     -327.148775     -327.148775     -327.152757  0.000013 -3.967938  0.001157
   scf:   12     -327.148775     -327.148775     -327.152757  0.000060 -3.967262  0.000993

SCF Convergence by DM+H criterion
max |DM_out - DM_in|         :     0.0000599443
max |H_out - H_in|      (eV) :     0.0009933456
SCF cycle converged after 12 iterations

Using DM_out to compute the final energy and forces
No. of atoms with KB's overlaping orbs in proc 0. Max # of overlaps:      16     151

siesta: E_KS(eV) =             -327.1488

siesta: E_KS - E_eggbox =      -327.1488

siesta: Atomic forces (eV/Ang):
----------------------------------------
   Tot    0.000004   -0.000002    0.000000
----------------------------------------
   Max    0.000801
   Res    0.000532    sqrt( Sum f_i^2 / 3N )
----------------------------------------
   Max    0.000801    constrained

Stress tensor Voigt[x,y,z,yz,xz,xy] (kbar):      -29.47      -29.47       -0.01        0.00        0.00       -0.00
(Free)E + p*V (eV/cell)     -325.8670
Target enthalpy (eV/cell)     -327.1528

siesta: Program's energy decomposition (eV):
siesta: Ebs     =      -105.238421
siesta: Eions   =       564.323434
siesta: Ena     =       148.395645
siesta: Ekin    =       224.785216
siesta: Enl     =       -11.487398
siesta: Eso     =         0.000000
siesta: Edftu   =         0.000000
siesta: DEna    =        -8.245629
siesta: DUscf   =         0.580893
siesta: DUext   =         0.000000
siesta: Ex      =      -106.658667
siesta: Ec      =       -10.195400
siesta: Exc     =      -116.854068
siesta: EbV     =         0.000000
siesta: eta*DQ  =         0.000000
siesta: Emadel  =         0.000000
siesta: Emeta   =         0.000000
siesta: Emolmec =         0.000000
siesta: Ekinion =         0.000000
siesta: Eharris =      -327.148775
siesta: Etot    =      -327.148775
siesta: FreeEng =      -327.152757

siesta: Final energy (eV):
siesta:  Band Struct. =    -105.238421
siesta:       Kinetic =     224.785216
siesta:       Hartree =    1551.347637
siesta:         Edftu =       0.000000
siesta:       Eso     =       0.000000
siesta:    Ext. field =       0.000000
siesta:         Exch. =    -106.658667
siesta:         Corr. =     -10.195400
siesta:     Bulk bias =       0.000000
siesta:   Exch.-corr. =    -116.854068
siesta:  Ion-electron =   -3304.803892
siesta:       Ion-ion =    1318.376332
siesta:       Ekinion =       0.000000
siesta: D3 dispersion =       0.000000
siesta:         Total =    -327.148775
siesta:         Fermi =      -3.967262

siesta: Stress tensor (static) (eV/Ang**3):
siesta:    -0.018395   -0.000001   -0.000000
siesta:    -0.000001   -0.018396    0.000000
siesta:     0.000000    0.000000   -0.000008

siesta: Cell volume =        104.816787 Ang**3

siesta: Pressure (static):
siesta:                Solid            Molecule  Units
siesta:           0.00013360          0.00013362  Ry/Bohr**3
siesta:           0.01226628          0.01226836  eV/Ang**3
siesta:          19.65274290         19.65607989  kBar

Basis Enthalpy Calculation:
    Basis Pressure for species 1(C.1) :      0.2000000 GPa

    Orbital volume contribution        =           0.759405 eV
    (Free)E + p_basis*V_orbitals       =        -326.393352 eV
    (Free)Eharris+ p_basis*V_orbitals  =        -326.393352 eV
WARNING: BASIS_ENTHALPY and BASIS_HARRIS_ENTHALPY files are deprecated. They will be removed in future releases.
Please use system_label.BASIS_ENTHALPY in your scripts instead.

siesta: Electric dipole (a.u.)  =    0.000000    0.000000   -0.000000
siesta: Electric dipole (Debye) =    0.000000    0.000000   -0.000000

cite: Please indicate the Siesta version in published work: unreleased ae363e571 (2025-05-28)
cite: This calculation has made use of features in the following articles
cite: which we encourage you to cite in published work.
cite: (Please see "c2.bib" for a BibTeX file.)
        Primary SIESTA paper
          DOI: www.doi.org/10.1088/0953-8984/14/11/302
        PSML pseudopotential format
          DOI: www.doi.org/10.1016/j.cpc.2018.02.011
 
 
>> End of run:  25-JUL-2026  10:35:00
Job completed
