Executable      : /cvmfs/soft.computecanada.ca/easybuild/software/2023/x86-64-v3/MPI/intel2023/openmpi4/siesta/5.4.0/bin/siesta
Version         : unreleased ae363e571 (2025-05-28)
Architecture    : x86_64
Compiler version: Intel-2021.10.0.20230609
Compiler flags  : -O2 -ip -O2 -fp-model precise -march=core-avx2 -axCore-AVX512  -fp-model=strict -prec-div -prec-sqrt
Parallelisations: MPI
NetCDF support
NetCDF-4 support
NetCDF-4 MPI-IO support
Lua support
ELSI support. Solvers:
   ELPA (external) 
     ELPA API version (from .h file):20231705
     ELPA API version (from CMake var):20231705
   NTPoly
   OMM
   PEXSI
DFT-D3 support

Runtime information:
* Directory : /lustre07/scratch/tanay11/siesta/siesta-tutorial-narval/results/raw/00_single_point
* Running on 32 nodes in parallel.
>> Start of run:  24-JUL-2026  19:40:30

                           *********************** 
                           *  WELCOME TO SIESTA  * 
                           *********************** 

 NOTE: Siesta V5 introduces some new defaults for basis-set generation
 NOTE: which might lead to slightly different numerical results.
 NOTE: Please see the manual for full details and compatibility measures.


reinit: Reading from standard input
reinit: Dumping input in INPUT_TMP.20845
************************** Dump of input data file ****************************
SystemName	c2
SystemLabel	c2
DM.MixingWeight	0.1
MaxSCFIterations	100
SCFMustConverge	True
Spin	non-polarized
XC.functional	GGA
XC.authors	PBE
MeshCutoff	2721.1386024367243	eV
PAO.EnergyShift	0.13605693012183623	eV
NumberOfSpecies	1
NumberOfAtoms	8
%block ChemicalSpecieslabel
    1 6 C.1 C.1.psml
%endblock ChemicalSpecieslabel
%block PAO.BasisSizes
    C.1	DZP
%endblock PAO.BasisSizes
LatticeConstant	1.0 Ang
%block LatticeVectors
    3.567 0.0 0.0
    0.0 3.567 0.0
    0.0 0.0 3.567
%endblock LatticeVectors
AtomicCoordinatesFormat	Ang
%block AtomicCoordinatesAndAtomicSpecies
    0.0 0.0 0.0 1
    0.89175 0.89175 0.89175 1
    0.0 1.7835 1.7835 1
    0.89175 2.67525 2.67525 1
    1.7835 0.0 1.7835 1
    2.67525 0.89175 2.67525 1
    1.7835 1.7835 0.0 1
    2.67525 2.67525 0.89175 1
%endblock AtomicCoordinatesAndAtomicSpecies
%block DM.InitSpin
%endblock DM.InitSpin
#KPoint grid
%block kgrid_Monkhorst_Pack
     4       0       0  0.0
     0       4       0  0.0
     0       0       4  0.0
%endblock kgrid_Monkhorst_Pack
************************** End of input data file *****************************
*** WARNING:  FDF module: fdf_read: block DM.InitSpin is empty...

reinit: -----------------------------------------------------------------------
reinit: System Name: c2
reinit: -----------------------------------------------------------------------
reinit: System Label: c2
reinit: -----------------------------------------------------------------------

initatom: Reading input for the pseudopotentials and atomic orbitals ----------
Species number:   1 Atomic number:    6 Label: C.1
 
Ground state valence configuration (from tables):   2s02  2p02  3d00  4f00

---- Processing specs for species: C.1
Reading pseudopotential information in PSML from:
  C.1.psml
PSML file version: 1.1
Using libxc ids:  101 130
GGA--PBE XC_GGA_X_PBE--XC_GGA_C_PBE pb
PSML uuid: 297821e0-be41-11e7-6802-e1ff7dfff095
resizes: Read basis size for species C.1 = dzp                 

---- Pseudopotential check for C 

Pseudized shells:
2s( 2.00) rc: 1.20
2p( 2.00) rc: 1.26
Valence configuration for ps generation: 2s:2p: Total charge:   4.000000
For C.1, standard SIESTA heuristics set lmxkb to 3
 (one more than the basis l, including polarization orbitals).
Use PS.lmax or PS.KBprojectors blocks to override.
C.1.psml pseudopotential only contains V_ls up to l=1 -- lmxkb reset.

<basis_specs>
===============================================================================
C.1                  Z=   6    Mass=  12.011        Charge= 0.17977+309
Lmxo=2 Lmxkb= 1    BasisType=split      Semic=F
L=0  Nsemic=0  Cnfigmx=2
          i=1  nzeta=2  polorb=0  (2s)
            splnorm:   0.15000    
               vcte:    40.000    
               rinn:  -0.90000    
               qcoe:    0.0000    
               qyuk:    0.0000    
               qwid:   0.10000E-01
                rcs:    0.0000      0.0000    
            lambdas:    1.0000      1.0000    
L=1  Nsemic=0  Cnfigmx=2
          i=1  nzeta=2  polorb=1  (2p)  (to be polarized perturbatively)
            splnorm:   0.15000    
               vcte:    40.000    
               rinn:  -0.90000    
               qcoe:    0.0000    
               qyuk:    0.0000    
               qwid:   0.10000E-01
                rcs:    0.0000      0.0000    
            lambdas:    1.0000      1.0000    
L=2  Nsemic=0  Cnfigmx=3
          i=1  nzeta=0  polorb=0  (3d)  (perturbative polarization orbital) (from 2p)
-------------------------------------------------------------------------------
L=0  Nkbl=1  erefs: 0.17977+309
L=1  Nkbl=1  erefs: 0.17977+309
===============================================================================
</basis_specs>

Using PAO.SplitTailNorm
atom: Called for C.1                   (Z =   6)
NOTE: C.1 pseudopotential has channels up to l= 1
NOTE: PAOs with higher l will be generated with V_local
Maximum radius (at nrval) set to   50.00000 8518

read_vps: Pseudopotential generation method:
read_vps: ONCVPSP-3.Hamann's oncvpsp                        
Valence charge in pseudo generation:    4.00000

read_vps: Pseudopotential includes a core correction:
read_vps: Pseudo-core for xc-correction

xc_check: Exchange-correlation functional:
xc_check: GGA Perdew, Burke & Ernzerhof 1996
Got Vlocal (oncv-fit) from psml data
Choosing vlocal chloc cutoff:  4.122282
qtot up to nchloc:    4.00001153
atom: Maximum radius for chlocal:    4.12228
atom: Maximum radius for r*vlocal+2*Zval:    4.12228
Reading KB projs from C.1 psml data
Using scalar-relativistic projectors in PSML file

PSML: Kleinman-Bylander projectors: 
   l= 0   rc=  1.219773   Ekb= 12.963096
   l= 0   rc=  1.219773   Ekb=  0.771007
   l= 1   rc=  1.278952   Ekb= -8.399923
   l= 1   rc=  1.278952   Ekb= -1.755033

PSML: Total number of  Kleinman-Bylander projectors:   8
atom: -------------------------------------------------------------------------

atom: SANKEY-TYPE ORBITALS:
atom: Selected multiple-zeta basis: split     

SPLIT: Orbitals with angular momentum L= 0

SPLIT: Basis orbitals for state 2s

SPLIT: PAO cut-off radius determined from an
SPLIT: energy shift=  0.010000 Ry
Split based on tail norm

   izeta = 1
                 lambda =    1.000000
                     rc =    4.484389
                 energy =   -0.999391
                kinetic =    0.960619
    potential(screened) =   -1.960010
       potential(ionic) =   -5.522244

   izeta = 2
                 rmatch =    3.048210
              splitnorm =    0.150000
                 energy =   -0.707280
                kinetic =    1.791893
    potential(screened) =   -2.499174
       potential(ionic) =   -6.353302

SPLIT: Orbitals with angular momentum L= 1

SPLIT: Basis orbitals for state 2p

SPLIT: PAO cut-off radius determined from an
SPLIT: energy shift=  0.010000 Ry
Split based on tail norm

   izeta = 1
                 lambda =    1.000000
                     rc =    5.435719
                 energy =   -0.377272
                kinetic =    2.513579
    potential(screened) =   -2.890851
       potential(ionic) =   -6.323663

   izeta = 2
                 rmatch =    3.691839
              splitnorm =    0.150000
                 energy =   -0.247908
                kinetic =    3.655578
    potential(screened) =   -3.903486
       potential(ionic) =   -7.669496
*Note: V_local used for l= 2

** Using vlocal for PAOs with L= 2

POLgen: Perturbative polarization orbital with L=  2

POLgen: Polarization orbital for state 2p
*Note: V_local used for lpol= 2

** Using vlocal for PAOs with L= 2
Split based on tail norm

   izeta = 1
                     rc =    5.435719
                 energy =    1.177800
                kinetic =    2.314109
    potential(screened) =   -1.136309
       potential(ionic) =   -3.992041
atom: Total number of Sankey-type orbitals: 13

atm_pop: Valence configuration (for local Pseudopot. screening):
 2s( 2.00)                                                            
 2p( 2.00)                                                            
 3d( 0.00)                                                            
Vna: chval, zval:    4.00000   4.00000

Vna:  Cut-off radius for the neutral-atom potential:   5.435719
comcore: Pseudo-core radius Rcore=  1.671741

atom: _________________________________________________________________________

prinput: Basis input 

PAO.BasisType split     

%block ChemicalSpeciesLabel
    1    6 C.1                     # Species index, atomic number, species label
%endblock ChemicalSpeciesLabel

%block PAO.Basis                 # Define Basis set
# WARNING: This information might be incomplete!
C.1                   2                    # Species label, number of l-shells
 n=2   0   2                         # n, l, Nzeta 
   4.484      3.048   
   1.000      1.000   
 n=2   1   2 P   1                   # n, l, Nzeta, Polarization, NzetaPol
   5.436      3.692   
   1.000      1.000   
%endblock PAO.Basis

prinput: ----------------------------------------------------------------------

Dumping basis to NetCDF file C.1.ion.nc
coor:   Atomic-coordinates input format  =     Cartesian coordinates
coor:                                          (in Angstroms)

siesta: Atomic coordinates (Bohr) and species
siesta:      0.00000   0.00000   0.00000  1        1
siesta:      1.68516   1.68516   1.68516  1        2
siesta:      0.00000   3.37033   3.37033  1        3
siesta:      1.68516   5.05549   5.05549  1        4
siesta:      3.37033   0.00000   3.37033  1        5
siesta:      5.05549   1.68516   5.05549  1        6
siesta:      3.37033   3.37033   0.00000  1        7
siesta:      5.05549   5.05549   1.68516  1        8

siesta: System type = bulk      

initatomlists: Number of atoms, orbitals, and projectors:      8   104    64

siesta: ******************** Simulation parameters ****************************
siesta:
siesta: The following are some of the parameters of the simulation.
siesta: A complete list of the parameters used, including default values,
siesta: can be found in file out.fdf
siesta:
redata: Spin configuration                          = none
redata: Number of spin components                   = 1
redata: Time-Reversal Symmetry                      = T
redata: Spin spiral                                 = F
redata: Long output                                 =   F
redata: Number of Atomic Species                    =        1
redata: Charge density info will appear in .RHO file
redata: Write Mulliken charges (when)               = none
redata: Write Mulliken Pop.                         = NO
redata: Write Hirshfeld charges (when)              = none
redata: Write Voronoi charges (when)                = none
redata: Write spin charge (when)                    = none
redata: Matel table size (NRTAB)                    =     1024
redata: Mesh Cutoff                                 =   200.0000 Ry
redata: Net charge of the system                    =     0.0000 |e|
redata: Min. number of SCF Iter                     =        0
redata: Max. number of SCF Iter                     =      100
redata: SCF convergence failure will abort job
redata: SCF mix quantity                            = Hamiltonian
redata: Mix DM or H after convergence               =   F
redata: Recompute H after scf cycle                 =   F
redata: Mix DM in first SCF step                    =   T
redata: Write Pulay info on disk                    =   F
redata: New DM Occupancy tolerance                  = 0.000000000001
redata: No kicks to SCF
redata: DM Mixing Weight for Kicks                  =     0.5000
redata: Require Harris convergence for SCF          =   F
redata: Harris energy tolerance for SCF             =     0.000100 eV
redata: Require DM convergence for SCF              =   T
redata: DM tolerance for SCF                        =     0.000100
redata: Require EDM convergence for SCF             =   F
redata: EDM tolerance for SCF                       =     0.001000 eV
redata: Require H convergence for SCF               =   T
redata: Hamiltonian tolerance for SCF               =     0.001000 eV
redata: Require (free) Energy convergence for SCF   =   F
redata: (free) Energy tolerance for SCF             =     0.000100 eV
redata: Using DFT-D3 dispersion                     =   F
redata: Using Saved Data (generic)                  =   F
redata: Use continuation files for DM               =   T
redata: Neglect nonoverlap interactions             =   F
redata: Method of Calculation                       = Diagonalization
redata: Electronic Temperature                      =   300.0000 K
redata: Fix the spin of the system                  =   F
redata: Max. number of TDED Iter                    =        1
redata: Number of TDED substeps                     =        3
redata: Dynamics option                             = Single-point calculation
mix.SCF: Pulay mixing                            = Pulay
mix.SCF:    Variant                              = stable
mix.SCF:    History steps                        = 2
mix.SCF:    Linear mixing weight                 =     0.100000
mix.SCF:    Mixing weight                        =     0.100000
mix.SCF:    SVD condition                        = 0.1000E-07
FFT: Using FFTW.
redata: Save all siesta data in one NC              =   F
redata: ***********************************************************************

%block SCF.Mixers
  Pulay
%endblock SCF.Mixers

%block SCF.Mixer.Pulay
  # Mixing method
  method pulay
  variant stable

  # Mixing options
  weight 0.1000
  weight.linear 0.1000
  history 2
%endblock SCF.Mixer.Pulay
 
DM_history_depth set to one: no extrapolation allowed by default for geometry relaxation
Size of DM history Fstack: 1
Total number of electrons:    32.000000
Total ionic charge:    32.000000

* ProcessorY, Blocksize:    8   3


* Orbital distribution balance (max,min):     6     3

k-point displ. along   1 input, could be:     0.00    0.50
k-point displ. along   2 input, could be:     0.00    0.50
k-point displ. along   3 input, could be:     0.00    0.50
 Kpoints in:           48 . Kpoints trimmed:           44

siesta: k-grid: Number of k-points = 44
siesta: k-points from Monkhorst-Pack grid
siesta: k-cutoff (effective) =     7.134 Ang
siesta: k-point supercell and displacements
siesta: k-grid:     4     0     0      0.000
siesta: k-grid:     0     4     0      0.000
siesta: k-grid:     0     0     4      0.000
 
diag: Algorithm                                     = D&C
diag: Parallel over k                               =   F
diag: Use parallel 2D distribution                  =   T
diag: Parallel block-size                           = 3
diag: Parallel distribution                         =     4 x     8
diag: Used triangular part                          = Lower
diag: Absolute tolerance                            =  0.100E-15
diag: Orthogonalization factor                      =  0.100E-05
diag: Memory factor                                 =  1.0000

superc: Internal auxiliary supercell:     5 x     5 x     5  =     125
superc: Number of atoms, orbitals, and projectors:   1000  13000   8000
 
 
ts: **************************************************************
ts: Save H and S matrices                           =    F
ts: Save TSHS files in MD/FC simulation             =    F
ts: Save DM and EDM matrices                        =    F
ts: Only save the overlap matrix S                  =    F
ts: **************************************************************
 
************************ Begin: TS CHECKS AND WARNINGS ************************
************************ End: TS CHECKS AND WARNINGS **************************


                     ====================================
                        Single-point calculation
                     ====================================

superc: Internal auxiliary supercell:     5 x     5 x     5  =     125
superc: Number of atoms, orbitals, and projectors:   1000  13000   8000

outcell: Unit cell vectors (Ang):
        3.567000    0.000000    0.000000
        0.000000    3.567000    0.000000
        0.000000    0.000000    3.567000

outcell: Cell vector modules (Ang)   :    3.567000    3.567000    3.567000
outcell: Cell angles (23,13,12) (deg):     90.0000     90.0000     90.0000
outcell: Cell volume (Ang**3)        :     45.3847
<dSpData1D:S at geom step 0
  <sparsity:sparsity for geom step 0
    nrows_g=104 nrows=6 sparsity=.7844 nnzs=8484, refcount: 7>
  <dData1D:(new from dSpData1D) n=8484, refcount: 1>
refcount: 1>
new_DM -- step:     1
Initializing Density Matrix...
 
Attempting to read DM from file... Failed...
DM filled with atomic data:
<dSpData2D:DM initialized from atoms
  <sparsity:sparsity for geom step 0
    nrows_g=104 nrows=6 sparsity=.7844 nnzs=8484, refcount: 8>
  <dData2D:DM n=8484 m=1, refcount: 1>
refcount: 1>
No. of atoms with KB's overlaping orbs in proc 0. Max # of overlaps:      42     317

InitMesh: MESH = 32 x 32 x 32 = 32768
InitMesh: Mesh cutoff (required, used) =   200.000   222.431 Ry
New grid distribution [1]: sub = 2
New grid distribution [2]: sub = 2
New grid distribution [3]: sub = 2
Setting up quadratic distribution...

stepf: Fermi-Dirac step function

siesta: Program's energy decomposition (eV):
siesta: Ebs     =      -445.194648
siesta: Eions   =      2257.293736
siesta: Ena     =       589.264788
siesta: Ekin    =       924.781249
siesta: Enl     =       -54.093571
siesta: Eso     =         0.000000
siesta: Edftu   =         0.000000
siesta: DEna    =       -40.394867
siesta: DUscf   =         3.225566
siesta: DUext   =         0.000000
siesta: Ex      =      -431.248740
siesta: Ec      =       -43.014337
siesta: Exc     =      -474.263076
siesta: EbV     =         0.000000
siesta: eta*DQ  =         0.000000
siesta: Emadel  =         0.000000
siesta: Emeta   =         0.000000
siesta: Emolmec =         0.000000
siesta: Ekinion =         0.000000
siesta: Eharris =     -1289.330248
siesta: Etot    =     -1308.773647
siesta: FreeEng =     -1308.773647

        iscf     Eharris(eV)        E_KS(eV)     FreeEng(eV)     dDmax    Ef(eV) dHmax(eV)
   scf:    1    -1289.330248    -1308.773647    -1308.773647  1.780034 -5.136612  1.134880
timer: Routine,Calls,Time,% = IterSCF        1       1.482  75.57
   scf:    2    -1308.867465    -1308.820787    -1308.820787  0.009031 -5.052782  1.000281
   scf:    3    -1309.125263    -1308.986246    -1308.986246  0.083959 -4.439615  0.005269
   scf:    4    -1308.986253    -1308.986250    -1308.986250  0.000283 -4.441094  0.006216
   scf:    5    -1308.986263    -1308.986257    -1308.986257  0.000318 -4.442617  0.006223
   scf:    6    -1308.986272    -1308.986265    -1308.986265  0.000342 -4.444162  0.005499
   scf:    7    -1308.986276    -1308.986270    -1308.986270  0.000282 -4.445367  0.004331
   scf:    8    -1308.986277    -1308.986274    -1308.986274  0.000224 -4.446266  0.002935
   scf:    9    -1308.986276    -1308.986275    -1308.986275  0.000131 -4.446746  0.001861
   scf:   10    -1308.986275    -1308.986275    -1308.986275  0.000070 -4.446953  0.001629
   scf:   11    -1308.986275    -1308.986275    -1308.986275  0.000039 -4.446940  0.001315
   scf:   12    -1308.986274    -1308.986275    -1308.986275  0.000019 -4.446794  0.000972

SCF Convergence by DM+H criterion
max |DM_out - DM_in|         :     0.0000194623
max |H_out - H_in|      (eV) :     0.0009724576
SCF cycle converged after 12 iterations

Using DM_out to compute the final energy and forces
No. of atoms with KB's overlaping orbs in proc 0. Max # of overlaps:      42     317

siesta: E_KS(eV) =            -1308.9863

siesta: E_KS - E_eggbox =     -1308.9863

siesta: Atomic forces (eV/Ang):
----------------------------------------
   Tot    0.000000   -0.000000    0.000000
----------------------------------------
   Max    0.000000
   Res    0.000000    sqrt( Sum f_i^2 / 3N )
----------------------------------------
   Max    0.000000    constrained

Stress tensor Voigt[x,y,z,yz,xz,xy] (kbar):      -91.11      -91.11      -91.11        0.00        0.00        0.00
(Free)E + p*V (eV/cell)    -1306.4055
Target enthalpy (eV/cell)    -1308.9863

siesta: Program's energy decomposition (eV):
siesta: Ebs     =      -450.332705
siesta: Eions   =      2257.293736
siesta: Ena     =       589.264788
siesta: Ekin    =       910.992826
siesta: Enl     =       -51.567113
siesta: Eso     =         0.000000
siesta: Edftu   =         0.000000
siesta: DEna    =       -30.890956
siesta: DUscf   =         2.446452
siesta: DUext   =         0.000000
siesta: Ex      =      -428.699718
siesta: Ec      =       -43.238818
siesta: Exc     =      -471.938536
siesta: EbV     =         0.000000
siesta: eta*DQ  =         0.000000
siesta: Emadel  =         0.000000
siesta: Emeta   =         0.000000
siesta: Emolmec =         0.000000
siesta: Ekinion =         0.000000
siesta: Eharris =     -1308.986274
siesta: Etot    =     -1308.986275
siesta: FreeEng =     -1308.986275

siesta: Final energy (eV):
siesta:  Band Struct. =    -450.332705
siesta:       Kinetic =     910.992826
siesta:       Hartree =     103.962093
siesta:         Edftu =       0.000000
siesta:       Eso     =       0.000000
siesta:    Ext. field =       0.000000
siesta:         Exch. =    -428.699718
siesta:         Corr. =     -43.238818
siesta:     Bulk bias =       0.000000
siesta:   Exch.-corr. =    -471.938536
siesta:  Ion-electron =   -1050.660219
siesta:       Ion-ion =    -801.342439
siesta:       Ekinion =       0.000000
siesta: D3 dispersion =       0.000000
siesta:         Total =   -1308.986275
siesta:         Fermi =      -4.446794

siesta: Stress tensor (static) (eV/Ang**3):
siesta:    -0.056865   -0.000000   -0.000000
siesta:     0.000000   -0.056865    0.000000
siesta:     0.000000    0.000000   -0.056865

siesta: Cell volume =         45.384685 Ang**3

siesta: Pressure (static):
siesta:                Solid            Molecule  Units
siesta:           0.00061934          0.00061934  Ry/Bohr**3
siesta:           0.05686525          0.05686525  eV/Ang**3
siesta:          91.10817876         91.10817876  kBar

Basis Enthalpy Calculation:
    Basis Pressure for species 1(C.1) :      0.2000000 GPa

    Orbital volume contribution        =           3.037618 eV
    (Free)E + p_basis*V_orbitals       =       -1305.948656 eV
    (Free)Eharris+ p_basis*V_orbitals  =       -1305.948656 eV
WARNING: BASIS_ENTHALPY and BASIS_HARRIS_ENTHALPY files are deprecated. They will be removed in future releases.
Please use system_label.BASIS_ENTHALPY in your scripts instead.

cite: Please indicate the Siesta version in published work: unreleased ae363e571 (2025-05-28)
cite: This calculation has made use of features in the following articles
cite: which we encourage you to cite in published work.
cite: (Please see "c2.bib" for a BibTeX file.)
        Primary SIESTA paper
          DOI: www.doi.org/10.1088/0953-8984/14/11/302
        PSML pseudopotential format
          DOI: www.doi.org/10.1016/j.cpc.2018.02.011
 
 
>> End of run:  24-JUL-2026  19:40:49
Job completed
