
Lmod is automatically replacing "gcc/12.3" with "intel/2023.2.1".

Job completed
Gamma-point calculation with interaction between periodic images
Some features might not work optimally:
e.g. DM initialization from atomic data
Job completed
Job completed
srun: Step created for StepId=66440691.3
Job completed
Job completed
Job completed
Job completed
Job completed
Job completed
Job completed
Job completed
Job completed
srun: Step created for StepId=66440691.12
Job completed
Job completed
Job completed
Job completed
Job completed
Job completed
Job completed
Job completed
Job completed
Job completed
Job completed
Job completed
Job completed
Job completed
Job completed
Job completed
Job completed
Job completed
Job completed
Job completed
Job completed
Job completed
Job completed
Job completed
Job completed
Job completed
Job completed
Job completed
Job completed
Job completed
Job completed
Job completed
Job completed
Job completed
Job completed
Job completed
Job completed
Job completed
Job completed
Job completed
Job completed
Job completed
Job completed
Job completed
Job completed
Job completed
Job completed
Job completed
srun: Step created for StepId=66440691.60
Job completed
Job completed
Job completed
Job completed
Job completed
Job completed
Job completed
Job completed
Job completed
Job completed
Job completed
Job completed
Job completed
Job completed
Job completed
Job completed
Job completed
Job completed
Job completed
Job completed
srun: Step created for StepId=66440691.80
Job completed
Job completed
Job completed
Job completed
Job completed
srun: Step created for StepId=66440691.85
Job completed
Job completed
Job completed
Job completed
Job completed
Job completed
Job completed
Job completed
Job completed
Job completed
Job completed
srun: Step created for StepId=66440691.96
Job completed
Job completed
Job completed
Job completed
Job completed
Job completed
Job completed
Job completed
Job completed
Job completed
srun: Step created for StepId=66440691.106
Job completed
Job completed
srun: Step created for StepId=66440691.108
Job completed
Job completed
Job completed
Job completed
Job completed
Job completed
Job completed
Job completed
Job completed
Job completed
Job completed
Job completed
Job completed
srun: Step created for StepId=66440691.121
Job completed
srun: Step created for StepId=66440691.122
Job completed
Job completed
Job completed
Job completed
Job completed
Job completed
Job completed
Job completed
Job completed
Job completed
Job completed
Job completed
Job completed
Job completed
srun: Step created for StepId=66440691.136
Job completed
Job completed
Job completed
Job completed
Job completed
Job completed
Job completed
Job completed
Job completed
Job completed
Job completed
Job completed
Job completed
Job completed
Job completed
Job completed
Job completed
Job completed
Job completed
Job completed
Job completed
Job completed
Job completed
srun: Step created for StepId=66440691.159
Job completed
Job completed
srun: Step created for StepId=66440691.161
Job completed
Job completed
Job completed
Job completed
Job completed
Job completed
Job completed
Job completed
Job completed
Job completed
Job completed
Job completed
srun: Step created for StepId=66440691.173
Job completed
Job completed
Job completed
Job completed
Job completed
