Prepared four benchmark notebook segments
{
  "notebook": "01_siesta_dft_benchmark.ipynb",
  "status": "succeeded",
  "error": null,
  "started_utc": "2026-07-25T21:57:51.588744+00:00",
  "finished_utc": "2026-07-25T23:23:00.473441+00:00",
  "wall_seconds": 5108.884698258713,
  "cells": [
    {
      "local_cell_index": 0,
      "original_cell_index": 0,
      "cell_type": "markdown",
      "started": null,
      "finished": null
    },
    {
      "local_cell_index": 1,
      "original_cell_index": 1,
      "cell_type": "markdown",
      "started": null,
      "finished": null
    },
    {
      "local_cell_index": 2,
      "original_cell_index": 2,
      "cell_type": "code",
      "started": "2026-07-25T21:58:39.609776Z",
      "finished": "2026-07-25T22:00:04.893277Z"
    },
    {
      "local_cell_index": 3,
      "original_cell_index": 3,
      "cell_type": "markdown",
      "started": null,
      "finished": null
    },
    {
      "local_cell_index": 4,
      "original_cell_index": 4,
      "cell_type": "code",
      "started": "2026-07-25T22:00:04.894705Z",
      "finished": "2026-07-25T22:03:49.131232Z"
    },
    {
      "local_cell_index": 5,
      "original_cell_index": 5,
      "cell_type": "markdown",
      "started": null,
      "finished": null
    },
    {
      "local_cell_index": 6,
      "original_cell_index": 6,
      "cell_type": "code",
      "started": "2026-07-25T22:03:49.132467Z",
      "finished": "2026-07-25T22:08:16.251166Z"
    },
    {
      "local_cell_index": 7,
      "original_cell_index": 7,
      "cell_type": "markdown",
      "started": null,
      "finished": null
    },
    {
      "local_cell_index": 8,
      "original_cell_index": 8,
      "cell_type": "code",
      "started": "2026-07-25T22:08:16.252198Z",
      "finished": "2026-07-25T22:10:05.951518Z"
    },
    {
      "local_cell_index": 9,
      "original_cell_index": 9,
      "cell_type": "markdown",
      "started": null,
      "finished": null
    },
    {
      "local_cell_index": 10,
      "original_cell_index": 10,
      "cell_type": "code",
      "started": "2026-07-25T22:10:05.952798Z",
      "finished": "2026-07-25T22:10:36.625902Z"
    },
    {
      "local_cell_index": 11,
      "original_cell_index": 11,
      "cell_type": "markdown",
      "started": null,
      "finished": null
    },
    {
      "local_cell_index": 12,
      "original_cell_index": 12,
      "cell_type": "code",
      "started": "2026-07-25T22:10:36.627097Z",
      "finished": "2026-07-25T22:15:40.491603Z"
    },
    {
      "local_cell_index": 13,
      "original_cell_index": 13,
      "cell_type": "markdown",
      "started": null,
      "finished": null
    },
    {
      "local_cell_index": 14,
      "original_cell_index": 14,
      "cell_type": "code",
      "started": "2026-07-25T22:15:40.492862Z",
      "finished": "2026-07-25T22:16:29.259504Z"
    },
    {
      "local_cell_index": 15,
      "original_cell_index": 15,
      "cell_type": "markdown",
      "started": null,
      "finished": null
    },
    {
      "local_cell_index": 16,
      "original_cell_index": 16,
      "cell_type": "code",
      "started": "2026-07-25T22:16:29.260583Z",
      "finished": "2026-07-25T22:16:29.272573Z"
    },
    {
      "local_cell_index": 17,
      "original_cell_index": 17,
      "cell_type": "markdown",
      "started": null,
      "finished": null
    },
    {
      "local_cell_index": 18,
      "original_cell_index": 18,
      "cell_type": "code",
      "started": "2026-07-25T22:16:29.273484Z",
      "finished": "2026-07-25T23:13:42.432076Z"
    },
    {
      "local_cell_index": 19,
      "original_cell_index": 19,
      "cell_type": "markdown",
      "started": null,
      "finished": null
    },
    {
      "local_cell_index": 20,
      "original_cell_index": 20,
      "cell_type": "code",
      "started": "2026-07-25T23:13:42.433151Z",
      "finished": "2026-07-25T23:20:56.912731Z"
    },
    {
      "local_cell_index": 21,
      "original_cell_index": 21,
      "cell_type": "markdown",
      "started": null,
      "finished": null
    },
    {
      "local_cell_index": 22,
      "original_cell_index": 22,
      "cell_type": "code",
      "started": "2026-07-25T23:20:56.913772Z",
      "finished": "2026-07-25T23:21:39.579414Z"
    },
    {
      "local_cell_index": 23,
      "original_cell_index": 23,
      "cell_type": "markdown",
      "started": null,
      "finished": null
    },
    {
      "local_cell_index": 24,
      "original_cell_index": 24,
      "cell_type": "code",
      "started": "2026-07-25T23:21:39.580706Z",
      "finished": "2026-07-25T23:22:22.539502Z"
    },
    {
      "local_cell_index": 25,
      "original_cell_index": 25,
      "cell_type": "markdown",
      "started": null,
      "finished": null
    },
    {
      "local_cell_index": 26,
      "original_cell_index": 26,
      "cell_type": "code",
      "started": "2026-07-25T23:22:22.540743Z",
      "finished": "2026-07-25T23:22:57.860685Z"
    }
  ]
}
